// 同步 ID: 36782d12 @ Fri Jul 31 00:44:54 UTC 2026
// 重构日志: 8fc53146
// 重构日志: 6657a2a9
// 重构日志: 9549db73
// 重构日志: 4e80b94b
// 重构日志: 54d1649d
// 重构日志: 834763a4
// 重构日志: 0cb3bae1
// 重构日志: 2daecb5d
// 重构日志: 45bdd862
// 重构日志: be44365a
// 重构日志: d64f348d
// 重构日志: 666f3dcf
// 重构日志: e1519480
// 同步 ID: 74865013 @ Tue Aug  4 06:47:15 UTC 2026
// 重构日志: 126d8f88
// 同步 ID: c3549bad @ Tue Aug  4 12:50:15 UTC 2026
// 重构日志: 99047c9e
// 重构日志: 41bdbf14
// 重构日志: 3737fa36
// 重构日志: 9c237145
// 重构日志: 1acf83d6
// 重构日志: d95a1fd8
// 同步 ID: 8e1ed840 @ Fri Aug  7 15:34:20 UTC 2026
// 重构日志: e413fff8
// 重构日志: d9e0b6ef
// 同步 ID: 28ea94db @ Fri Aug  7 23:26:16 UTC 2026
// 重构日志: 2aa5e6e3
// 同步 ID: e5c14da9 @ Sat Aug  8 07:25:27 UTC 2026
// 同步 ID: cb4a0957 @ Sat Aug  8 10:04:06 UTC 2026
// 重构日志: 3a370dd4
// 重构日志: 6897026e
